../Core/Src/freertos.c:159:6:twist_callback	40	static
../Core/Src/freertos.c:299:6:StartDefaultTask	288	static
../Core/Src/freertos.c:381:6:imu_task_fn	40	static
../Core/Inc/bno055_stm32.h:20:6:bno055_assignI2C	0	static
../Core/Inc/bno055_stm32.h:24:6:bno055_delay	0	static
../Core/Inc/bno055_stm32.h:32:6:bno055_writeData	24	static
../Core/Inc/bno055_stm32.h:96:6:bno055_readData	40	static
../Core/Src/freertos.c:137:7:pi_to_pi	8	static
../Core/Src/freertos.c:191:6:twist_publish_callback	72	static
../Core/Src/freertos.c:252:6:MX_FREERTOS_Init	8	static
